#! /c/Source/iverilog-install/bin/vvp
:ivl_version "12.0 (devel)" "(s20150603-1539-g2693dd32b)";
:ivl_delay_selection "TYPICAL";
:vpi_time_precision + 0;
:vpi_module "C:\iverilog\lib\ivl\system.vpi";
:vpi_module "C:\iverilog\lib\ivl\vhdl_sys.vpi";
:vpi_module "C:\iverilog\lib\ivl\vhdl_textio.vpi";
:vpi_module "C:\iverilog\lib\ivl\v2005_math.vpi";
:vpi_module "C:\iverilog\lib\ivl\va_math.vpi";
:vpi_module "C:\iverilog\lib\ivl\v2009.vpi";
S_000002e1180dbd20 .scope package, "$unit" "$unit" 2 1;
 .timescale 0 0;
S_000002e118116c40 .scope module, "RAM_tb" "RAM_tb" 3 1;
 .timescale 0 0;
v000002e118120500_0 .var "addr", 1 0;
v000002e1181205a0_0 .var "clk", 0 0;
v000002e11818cb30_0 .var "din", 3 0;
v000002e11818d710_0 .net "dout", 3 0, L_000002e118132320;  1 drivers
v000002e11818d5d0_0 .var "rst", 0 0;
v000002e11818c9f0_0 .var "we", 0 0;
S_000002e1180db7c0 .scope begin, "$ivl_for_loop0" "$ivl_for_loop0" 3 24, 3 24 0, S_000002e118116c40;
 .timescale 0 0;
v000002e1180dbeb0_0 .var/2s "i", 31 0;
S_000002e118119d40 .scope begin, "$ivl_for_loop1" "$ivl_for_loop1" 3 70, 3 70 0, S_000002e118116c40;
 .timescale 0 0;
v000002e118116dd0_0 .var/2s "i", 31 0;
S_000002e118119ed0 .scope module, "dut" "RAM" 3 6, 4 1 0, S_000002e118116c40;
 .timescale 0 0;
    .port_info 0 /INPUT 1 "clk";
    .port_info 1 /INPUT 1 "rst";
    .port_info 2 /INPUT 1 "we";
    .port_info 3 /INPUT 2 "addr";
    .port_info 4 /INPUT 4 "din";
    .port_info 5 /OUTPUT 4 "dout";
L_000002e118132320 .functor BUFZ 4, L_000002e11818cdb0, C4<0000>, C4<0000>, C4<0000>;
v000002e1180db950_0 .net *"_ivl_0", 3 0, L_000002e11818cdb0;  1 drivers
v000002e11811bcb0_0 .net *"_ivl_2", 3 0, L_000002e11818d2b0;  1 drivers
L_000002e11818d9b8 .functor BUFT 1, C4<00>, C4<0>, C4<0>, C4<0>;
v000002e11811bd50_0 .net *"_ivl_5", 1 0, L_000002e11818d9b8;  1 drivers
v000002e11811bdf0_0 .net "addr", 1 0, v000002e118120500_0;  1 drivers
v000002e11811be90_0 .net "clk", 0 0, v000002e1181205a0_0;  1 drivers
v000002e11811bf30_0 .net "din", 3 0, v000002e11818cb30_0;  1 drivers
v000002e11811bfd0_0 .net "dout", 3 0, L_000002e118132320;  alias, 1 drivers
v000002e118120320 .array "mem", 3 0, 3 0;
v000002e1181203c0_0 .net "rst", 0 0, v000002e11818d5d0_0;  1 drivers
v000002e118120460_0 .net "we", 0 0, v000002e11818c9f0_0;  1 drivers
E_000002e118139bf0 .event posedge, v000002e11811be90_0;
L_000002e11818cdb0 .array/port v000002e118120320, L_000002e11818d2b0;
L_000002e11818d2b0 .concat [ 2 2 0 0], v000002e118120500_0, L_000002e11818d9b8;
    .scope S_000002e118119ed0;
T_0 ;
    %wait E_000002e118139bf0;
    %load/vec4 v000002e1181203c0_0;
    %flag_set/vec4 8;
    %jmp/0xz  T_0.0, 8;
    %pushi/vec4 0, 0, 4;
    %ix/load 3, 0, 0;
    %flag_set/imm 4, 0;
    %ix/load 4, 0, 0; Constant delay
    %assign/vec4/a/d v000002e118120320, 0, 4;
    %pushi/vec4 0, 0, 4;
    %ix/load 3, 1, 0;
    %flag_set/imm 4, 0;
    %ix/load 4, 0, 0; Constant delay
    %assign/vec4/a/d v000002e118120320, 0, 4;
    %pushi/vec4 0, 0, 4;
    %ix/load 3, 2, 0;
    %flag_set/imm 4, 0;
    %ix/load 4, 0, 0; Constant delay
    %assign/vec4/a/d v000002e118120320, 0, 4;
    %pushi/vec4 0, 0, 4;
    %ix/load 3, 3, 0;
    %flag_set/imm 4, 0;
    %ix/load 4, 0, 0; Constant delay
    %assign/vec4/a/d v000002e118120320, 0, 4;
    %jmp T_0.1;
T_0.0 ;
    %load/vec4 v000002e118120460_0;
    %flag_set/vec4 8;
    %jmp/0xz  T_0.2, 8;
    %load/vec4 v000002e11811bf30_0;
    %load/vec4 v000002e11811bdf0_0;
    %pad/u 4;
    %ix/vec4 3;
    %ix/load 4, 0, 0; Constant delay
    %assign/vec4/a/d v000002e118120320, 0, 4;
T_0.2 ;
T_0.1 ;
    %jmp T_0;
    .thread T_0;
    .scope S_000002e118116c40;
T_1 ;
    %pushi/vec4 0, 0, 1;
    %store/vec4 v000002e1181205a0_0, 0, 1;
    %end;
    .thread T_1;
    .scope S_000002e118116c40;
T_2 ;
    %delay 5, 0;
    %load/vec4 v000002e1181205a0_0;
    %inv;
    %store/vec4 v000002e1181205a0_0, 0, 1;
    %jmp T_2;
    .thread T_2;
    .scope S_000002e118116c40;
T_3 ;
    %vpi_call/w 3 12 "$display", "=== Test: RAM 4x4 ===" {0 0 0};
    %vpi_call/w 3 13 "$display", "tiempo | rst | we | addr | din  | dout | comentario" {0 0 0};
    %vpi_call/w 3 14 "$display", "-------+-----+----+------+------+------+-----------" {0 0 0};
    %pushi/vec4 1, 0, 1;
    %store/vec4 v000002e11818d5d0_0, 0, 1;
    %pushi/vec4 0, 0, 1;
    %store/vec4 v000002e11818c9f0_0, 0, 1;
    %pushi/vec4 0, 0, 2;
    %store/vec4 v000002e118120500_0, 0, 2;
    %pushi/vec4 0, 0, 4;
    %store/vec4 v000002e11818cb30_0, 0, 4;
    %wait E_000002e118139bf0;
    %delay 1, 0;
    %vpi_call/w 3 19 "$display", "%4t   |  %b  |  %b | %2b   | %4b | %4b | reset activo", $time, v000002e11818d5d0_0, v000002e11818c9f0_0, v000002e118120500_0, v000002e11818cb30_0, v000002e11818d710_0 {0 0 0};
    %pushi/vec4 0, 0, 1;
    %store/vec4 v000002e11818d5d0_0, 0, 1;
    %vpi_call/w 3 23 "$display", "--- verificando posiciones post-reset ---" {0 0 0};
    %fork t_1, S_000002e1180db7c0;
    %jmp t_0;
    .scope S_000002e1180db7c0;
t_1 ;
    %pushi/vec4 0, 0, 32;
    %store/vec4 v000002e1180dbeb0_0, 0, 32;
T_3.0 ;
    %load/vec4 v000002e1180dbeb0_0;
    %cmpi/s 4, 0, 32;
    %jmp/0xz T_3.1, 5;
    %load/vec4 v000002e1180dbeb0_0;
    %pad/s 2;
    %store/vec4 v000002e118120500_0, 0, 2;
    %delay 10, 0;
    %vpi_call/w 3 26 "$display", "%4t   |  %b  |  %b | %2b   | %4b | %4b | mem[%0d] debe ser 0000", $time, v000002e11818d5d0_0, v000002e11818c9f0_0, v000002e118120500_0, v000002e11818cb30_0, v000002e11818d710_0, v000002e1180dbeb0_0 {0 0 0};
    ; show_stmt_assign_vector: Get l-value for compressed += operand
    %load/vec4 v000002e1180dbeb0_0;
    %pushi/vec4 1, 0, 32;
    %add;
    %cast2;
    %store/vec4 v000002e1180dbeb0_0, 0, 32;
    %jmp T_3.0;
T_3.1 ;
    %end;
    .scope S_000002e118116c40;
t_0 %join;
    %vpi_call/w 3 30 "$display", "--- escritura en cada posicion ---" {0 0 0};
    %pushi/vec4 1, 0, 1;
    %store/vec4 v000002e11818c9f0_0, 0, 1;
    %pushi/vec4 0, 0, 2;
    %store/vec4 v000002e118120500_0, 0, 2;
    %pushi/vec4 10, 0, 4;
    %store/vec4 v000002e11818cb30_0, 0, 4;
    %wait E_000002e118139bf0;
    %delay 1, 0;
    %vpi_call/w 3 33 "$display", "%4t   |  %b  |  %b | %2b   | %4b | %4b | escribo A en mem[0]", $time, v000002e11818d5d0_0, v000002e11818c9f0_0, v000002e118120500_0, v000002e11818cb30_0, v000002e11818d710_0 {0 0 0};
    %pushi/vec4 1, 0, 2;
    %store/vec4 v000002e118120500_0, 0, 2;
    %pushi/vec4 11, 0, 4;
    %store/vec4 v000002e11818cb30_0, 0, 4;
    %wait E_000002e118139bf0;
    %delay 1, 0;
    %vpi_call/w 3 36 "$display", "%4t   |  %b  |  %b | %2b   | %4b | %4b | escribo B en mem[1]", $time, v000002e11818d5d0_0, v000002e11818c9f0_0, v000002e118120500_0, v000002e11818cb30_0, v000002e11818d710_0 {0 0 0};
    %pushi/vec4 2, 0, 2;
    %store/vec4 v000002e118120500_0, 0, 2;
    %pushi/vec4 12, 0, 4;
    %store/vec4 v000002e11818cb30_0, 0, 4;
    %wait E_000002e118139bf0;
    %delay 1, 0;
    %vpi_call/w 3 39 "$display", "%4t   |  %b  |  %b | %2b   | %4b | %4b | escribo C en mem[2]", $time, v000002e11818d5d0_0, v000002e11818c9f0_0, v000002e118120500_0, v000002e11818cb30_0, v000002e11818d710_0 {0 0 0};
    %pushi/vec4 3, 0, 2;
    %store/vec4 v000002e118120500_0, 0, 2;
    %pushi/vec4 13, 0, 4;
    %store/vec4 v000002e11818cb30_0, 0, 4;
    %wait E_000002e118139bf0;
    %delay 1, 0;
    %vpi_call/w 3 42 "$display", "%4t   |  %b  |  %b | %2b   | %4b | %4b | escribo D en mem[3]", $time, v000002e11818d5d0_0, v000002e11818c9f0_0, v000002e118120500_0, v000002e11818cb30_0, v000002e11818d710_0 {0 0 0};
    %vpi_call/w 3 45 "$display", "--- lectura post-escritura ---" {0 0 0};
    %pushi/vec4 0, 0, 1;
    %store/vec4 v000002e11818c9f0_0, 0, 1;
    %pushi/vec4 0, 0, 2;
    %store/vec4 v000002e118120500_0, 0, 2;
    %delay 10, 0;
    %vpi_call/w 3 48 "$display", "%4t   |  %b  |  %b | %2b   | %4b | %4b | mem[0] debe ser 1010 (A)", $time, v000002e11818d5d0_0, v000002e11818c9f0_0, v000002e118120500_0, v000002e11818cb30_0, v000002e11818d710_0 {0 0 0};
    %pushi/vec4 1, 0, 2;
    %store/vec4 v000002e118120500_0, 0, 2;
    %delay 10, 0;
    %vpi_call/w 3 51 "$display", "%4t   |  %b  |  %b | %2b   | %4b | %4b | mem[1] debe ser 1011 (B)", $time, v000002e11818d5d0_0, v000002e11818c9f0_0, v000002e118120500_0, v000002e11818cb30_0, v000002e11818d710_0 {0 0 0};
    %pushi/vec4 2, 0, 2;
    %store/vec4 v000002e118120500_0, 0, 2;
    %delay 10, 0;
    %vpi_call/w 3 54 "$display", "%4t   |  %b  |  %b | %2b   | %4b | %4b | mem[2] debe ser 1100 (C)", $time, v000002e11818d5d0_0, v000002e11818c9f0_0, v000002e118120500_0, v000002e11818cb30_0, v000002e11818d710_0 {0 0 0};
    %pushi/vec4 3, 0, 2;
    %store/vec4 v000002e118120500_0, 0, 2;
    %delay 10, 0;
    %vpi_call/w 3 57 "$display", "%4t   |  %b  |  %b | %2b   | %4b | %4b | mem[3] debe ser 1101 (D)", $time, v000002e11818d5d0_0, v000002e11818c9f0_0, v000002e118120500_0, v000002e11818cb30_0, v000002e11818d710_0 {0 0 0};
    %vpi_call/w 3 60 "$display", "--- we=0: escritura bloqueada ---" {0 0 0};
    %pushi/vec4 0, 0, 1;
    %store/vec4 v000002e11818c9f0_0, 0, 1;
    %pushi/vec4 0, 0, 2;
    %store/vec4 v000002e118120500_0, 0, 2;
    %pushi/vec4 15, 0, 4;
    %store/vec4 v000002e11818cb30_0, 0, 4;
    %wait E_000002e118139bf0;
    %delay 1, 0;
    %vpi_call/w 3 63 "$display", "%4t   |  %b  |  %b | %2b   | %4b | %4b | mem[0] debe seguir siendo A", $time, v000002e11818d5d0_0, v000002e11818c9f0_0, v000002e118120500_0, v000002e11818cb30_0, v000002e11818d710_0 {0 0 0};
    %vpi_call/w 3 66 "$display", "--- reset con datos en memoria ---" {0 0 0};
    %pushi/vec4 1, 0, 1;
    %store/vec4 v000002e11818d5d0_0, 0, 1;
    %wait E_000002e118139bf0;
    %delay 1, 0;
    %pushi/vec4 0, 0, 1;
    %store/vec4 v000002e11818d5d0_0, 0, 1;
    %fork t_3, S_000002e118119d40;
    %jmp t_2;
    .scope S_000002e118119d40;
t_3 ;
    %pushi/vec4 0, 0, 32;
    %store/vec4 v000002e118116dd0_0, 0, 32;
T_3.2 ;
    %load/vec4 v000002e118116dd0_0;
    %cmpi/s 4, 0, 32;
    %jmp/0xz T_3.3, 5;
    %load/vec4 v000002e118116dd0_0;
    %pad/s 2;
    %store/vec4 v000002e118120500_0, 0, 2;
    %delay 10, 0;
    %vpi_call/w 3 72 "$display", "%4t   |  %b  |  %b | %2b   | %4b | %4b | mem[%0d] debe ser 0000", $time, v000002e11818d5d0_0, v000002e11818c9f0_0, v000002e118120500_0, v000002e11818cb30_0, v000002e11818d710_0, v000002e118116dd0_0 {0 0 0};
    ; show_stmt_assign_vector: Get l-value for compressed += operand
    %load/vec4 v000002e118116dd0_0;
    %pushi/vec4 1, 0, 32;
    %add;
    %cast2;
    %store/vec4 v000002e118116dd0_0, 0, 32;
    %jmp T_3.2;
T_3.3 ;
    %end;
    .scope S_000002e118116c40;
t_2 %join;
    %vpi_call/w 3 75 "$finish" {0 0 0};
    %end;
    .thread T_3;
# The file index is used to find the file name in the following table.
:file_names 5;
    "N/A";
    "<interactive>";
    "-";
    "RAM_tb.sv";
    "RAM.sv";
