#! /c/Source/iverilog-install/bin/vvp
:ivl_version "12.0 (devel)" "(s20150603-1539-g2693dd32b)";
:ivl_delay_selection "TYPICAL";
:vpi_time_precision - 12;
:vpi_module "C:\iverilog\lib\ivl\system.vpi";
:vpi_module "C:\iverilog\lib\ivl\vhdl_sys.vpi";
:vpi_module "C:\iverilog\lib\ivl\vhdl_textio.vpi";
:vpi_module "C:\iverilog\lib\ivl\v2005_math.vpi";
:vpi_module "C:\iverilog\lib\ivl\va_math.vpi";
:vpi_module "C:\iverilog\lib\ivl\v2009.vpi";
S_000002726c67c7b0 .scope package, "$unit" "$unit" 2 1;
 .timescale 0 0;
S_000002726c67c940 .scope module, "uart_rx_tb" "uart_rx_tb" 3 3;
 .timescale -9 -12;
P_000002726c642ee0 .param/l "BIT_PERIOD" 1 3 12, +C4<00000000000000011001011011100110>;
P_000002726c642f18 .param/l "CLK_PERIOD" 1 3 11, +C4<00000000000000000000000000001010>;
v000002726c674370 .array "bytes_de_prueba", 4 0, 7 0;
v000002726c674410_0 .var "clk", 0 0;
v000002726c6744b0_0 .net "data_out", 7 0, v000002726c674050_0;  1 drivers
v000002726c674550_0 .net "data_ready", 0 0, v000002726c6740f0_0;  1 drivers
v000002726c6745f0_0 .var/i "errores", 31 0;
v000002726c6da0b0_0 .var/i "i", 31 0;
v000002726c6da650_0 .var "rx", 0 0;
E_000002726c667870 .event posedge, v000002726c6740f0_0;
S_000002726c642830 .scope task, "enviar_byte" "enviar_byte" 3 26, 3 26 0, S_000002726c67c940;
 .timescale -9 -12;
v000002726c643380_0 .var "byte_in", 7 0;
v000002726c6429c0_0 .var/i "j", 31 0;
TD_uart_rx_tb.enviar_byte ;
    %pushi/vec4 0, 0, 1;
    %store/vec4 v000002726c6da650_0, 0, 1;
    %delay 104166000, 0;
    %pushi/vec4 0, 0, 32;
    %store/vec4 v000002726c6429c0_0, 0, 32;
T_0.0 ;
    %load/vec4 v000002726c6429c0_0;
    %cmpi/s 8, 0, 32;
    %jmp/0xz T_0.1, 5;
    %load/vec4 v000002726c643380_0;
    %load/vec4 v000002726c6429c0_0;
    %part/s 1;
    %store/vec4 v000002726c6da650_0, 0, 1;
    %delay 104166000, 0;
    %load/vec4 v000002726c6429c0_0;
    %addi 1, 0, 32;
    %store/vec4 v000002726c6429c0_0, 0, 32;
    %jmp T_0.0;
T_0.1 ;
    %pushi/vec4 1, 0, 1;
    %store/vec4 v000002726c6da650_0, 0, 1;
    %end;
S_000002726c642a60 .scope module, "uut" "uart_rx" 3 15, 4 3 0, S_000002726c67c940;
 .timescale -9 -12;
    .port_info 0 /INPUT 1 "clk";
    .port_info 1 /INPUT 1 "rx";
    .port_info 2 /OUTPUT 8 "data_out";
    .port_info 3 /OUTPUT 1 "data_ready";
P_000002726c673db0 .param/l "CLEANUP" 1 4 17, C4<100>;
P_000002726c673de8 .param/l "CLKS_PER_BIT" 0 4 4, +C4<00000000000000000010100010110000>;
P_000002726c673e20 .param/l "IDLE" 1 4 13, C4<000>;
P_000002726c673e58 .param/l "RX_DATA_BITS" 1 4 15, C4<010>;
P_000002726c673e90 .param/l "RX_START_BIT" 1 4 14, C4<001>;
P_000002726c673ec8 .param/l "RX_STOP_BIT" 1 4 16, C4<011>;
v000002726c642bf0_0 .var "bit_index", 2 0;
v000002726c673f10_0 .net "clk", 0 0, v000002726c674410_0;  1 drivers
v000002726c673fb0_0 .var "clk_count", 13 0;
v000002726c674050_0 .var "data_out", 7 0;
v000002726c6740f0_0 .var "data_ready", 0 0;
v000002726c674190_0 .net "rx", 0 0, v000002726c6da650_0;  1 drivers
v000002726c674230_0 .var "rx_data", 7 0;
v000002726c6742d0_0 .var "state", 2 0;
E_000002726c668230 .event posedge, v000002726c673f10_0;
    .scope S_000002726c642a60;
T_1 ;
    %pushi/vec4 0, 0, 3;
    %store/vec4 v000002726c6742d0_0, 0, 3;
    %pushi/vec4 0, 0, 14;
    %store/vec4 v000002726c673fb0_0, 0, 14;
    %pushi/vec4 0, 0, 3;
    %store/vec4 v000002726c642bf0_0, 0, 3;
    %pushi/vec4 0, 0, 8;
    %store/vec4 v000002726c674230_0, 0, 8;
    %end;
    .thread T_1, $init;
    .scope S_000002726c642a60;
T_2 ;
    %wait E_000002726c668230;
    %load/vec4 v000002726c6742d0_0;
    %dup/vec4;
    %pushi/vec4 0, 0, 3;
    %cmp/u;
    %jmp/1 T_2.0, 6;
    %dup/vec4;
    %pushi/vec4 1, 0, 3;
    %cmp/u;
    %jmp/1 T_2.1, 6;
    %dup/vec4;
    %pushi/vec4 2, 0, 3;
    %cmp/u;
    %jmp/1 T_2.2, 6;
    %dup/vec4;
    %pushi/vec4 3, 0, 3;
    %cmp/u;
    %jmp/1 T_2.3, 6;
    %dup/vec4;
    %pushi/vec4 4, 0, 3;
    %cmp/u;
    %jmp/1 T_2.4, 6;
    %pushi/vec4 0, 0, 3;
    %assign/vec4 v000002726c6742d0_0, 0;
    %jmp T_2.6;
T_2.0 ;
    %pushi/vec4 0, 0, 1;
    %assign/vec4 v000002726c6740f0_0, 0;
    %pushi/vec4 0, 0, 14;
    %assign/vec4 v000002726c673fb0_0, 0;
    %pushi/vec4 0, 0, 3;
    %assign/vec4 v000002726c642bf0_0, 0;
    %load/vec4 v000002726c674190_0;
    %cmpi/e 0, 0, 1;
    %jmp/0xz  T_2.7, 4;
    %pushi/vec4 1, 0, 3;
    %assign/vec4 v000002726c6742d0_0, 0;
    %jmp T_2.8;
T_2.7 ;
    %pushi/vec4 0, 0, 3;
    %assign/vec4 v000002726c6742d0_0, 0;
T_2.8 ;
    %jmp T_2.6;
T_2.1 ;
    %load/vec4 v000002726c673fb0_0;
    %pad/u 32;
    %cmpi/e 5207, 0, 32;
    %jmp/0xz  T_2.9, 4;
    %load/vec4 v000002726c674190_0;
    %cmpi/e 0, 0, 1;
    %jmp/0xz  T_2.11, 4;
    %pushi/vec4 0, 0, 14;
    %assign/vec4 v000002726c673fb0_0, 0;
    %pushi/vec4 2, 0, 3;
    %assign/vec4 v000002726c6742d0_0, 0;
    %jmp T_2.12;
T_2.11 ;
    %pushi/vec4 0, 0, 3;
    %assign/vec4 v000002726c6742d0_0, 0;
T_2.12 ;
    %jmp T_2.10;
T_2.9 ;
    %load/vec4 v000002726c673fb0_0;
    %addi 1, 0, 14;
    %assign/vec4 v000002726c673fb0_0, 0;
    %pushi/vec4 1, 0, 3;
    %assign/vec4 v000002726c6742d0_0, 0;
T_2.10 ;
    %jmp T_2.6;
T_2.2 ;
    %load/vec4 v000002726c673fb0_0;
    %pad/u 32;
    %cmpi/u 10415, 0, 32;
    %jmp/0xz  T_2.13, 5;
    %load/vec4 v000002726c673fb0_0;
    %addi 1, 0, 14;
    %assign/vec4 v000002726c673fb0_0, 0;
    %pushi/vec4 2, 0, 3;
    %assign/vec4 v000002726c6742d0_0, 0;
    %jmp T_2.14;
T_2.13 ;
    %pushi/vec4 0, 0, 14;
    %assign/vec4 v000002726c673fb0_0, 0;
    %load/vec4 v000002726c674190_0;
    %ix/load 5, 0, 0;
    %ix/getv 4, v000002726c642bf0_0;
    %assign/vec4/off/d v000002726c674230_0, 4, 5;
    %load/vec4 v000002726c642bf0_0;
    %pad/u 32;
    %cmpi/u 7, 0, 32;
    %jmp/0xz  T_2.15, 5;
    %load/vec4 v000002726c642bf0_0;
    %addi 1, 0, 3;
    %assign/vec4 v000002726c642bf0_0, 0;
    %pushi/vec4 2, 0, 3;
    %assign/vec4 v000002726c6742d0_0, 0;
    %jmp T_2.16;
T_2.15 ;
    %pushi/vec4 0, 0, 3;
    %assign/vec4 v000002726c642bf0_0, 0;
    %pushi/vec4 3, 0, 3;
    %assign/vec4 v000002726c6742d0_0, 0;
T_2.16 ;
T_2.14 ;
    %jmp T_2.6;
T_2.3 ;
    %load/vec4 v000002726c673fb0_0;
    %pad/u 32;
    %cmpi/u 10415, 0, 32;
    %jmp/0xz  T_2.17, 5;
    %load/vec4 v000002726c673fb0_0;
    %addi 1, 0, 14;
    %assign/vec4 v000002726c673fb0_0, 0;
    %pushi/vec4 3, 0, 3;
    %assign/vec4 v000002726c6742d0_0, 0;
    %jmp T_2.18;
T_2.17 ;
    %pushi/vec4 1, 0, 1;
    %assign/vec4 v000002726c6740f0_0, 0;
    %load/vec4 v000002726c674230_0;
    %assign/vec4 v000002726c674050_0, 0;
    %pushi/vec4 0, 0, 14;
    %assign/vec4 v000002726c673fb0_0, 0;
    %pushi/vec4 4, 0, 3;
    %assign/vec4 v000002726c6742d0_0, 0;
T_2.18 ;
    %jmp T_2.6;
T_2.4 ;
    %pushi/vec4 0, 0, 3;
    %assign/vec4 v000002726c6742d0_0, 0;
    %pushi/vec4 0, 0, 1;
    %assign/vec4 v000002726c6740f0_0, 0;
    %jmp T_2.6;
T_2.6 ;
    %pop/vec4 1;
    %jmp T_2;
    .thread T_2;
    .scope S_000002726c67c940;
T_3 ;
    %pushi/vec4 0, 0, 32;
    %store/vec4 v000002726c6745f0_0, 0, 32;
    %end;
    .thread T_3, $init;
    .scope S_000002726c67c940;
T_4 ;
    %delay 5000, 0;
    %load/vec4 v000002726c674410_0;
    %inv;
    %store/vec4 v000002726c674410_0, 0, 1;
    %jmp T_4;
    .thread T_4;
    .scope S_000002726c67c940;
T_5 ;
    %pushi/vec4 170, 0, 8;
    %ix/load 4, 0, 0;
    %flag_set/imm 4, 0;
    %store/vec4a v000002726c674370, 4, 0;
    %pushi/vec4 85, 0, 8;
    %ix/load 4, 1, 0;
    %flag_set/imm 4, 0;
    %store/vec4a v000002726c674370, 4, 0;
    %pushi/vec4 0, 0, 8;
    %ix/load 4, 2, 0;
    %flag_set/imm 4, 0;
    %store/vec4a v000002726c674370, 4, 0;
    %pushi/vec4 255, 0, 8;
    %ix/load 4, 3, 0;
    %flag_set/imm 4, 0;
    %store/vec4a v000002726c674370, 4, 0;
    %pushi/vec4 195, 0, 8;
    %ix/load 4, 4, 0;
    %flag_set/imm 4, 0;
    %store/vec4a v000002726c674370, 4, 0;
    %pushi/vec4 0, 0, 1;
    %store/vec4 v000002726c674410_0, 0, 1;
    %pushi/vec4 1, 0, 1;
    %store/vec4 v000002726c6da650_0, 0, 1;
    %delay 1000000, 0;
    %vpi_call/w 3 65 "$display", "\012============================================================" {0 0 0};
    %vpi_call/w 3 66 "$display", "=== INICIANDO BANCO DE PRUEBAS UART RX (9600 BAUDIOS) ===" {0 0 0};
    %vpi_call/w 3 67 "$display", "============================================================\012" {0 0 0};
    %pushi/vec4 0, 0, 32;
    %store/vec4 v000002726c6da0b0_0, 0, 32;
T_5.0 ;
    %load/vec4 v000002726c6da0b0_0;
    %cmpi/s 5, 0, 32;
    %jmp/0xz T_5.1, 5;
    %load/vec4 v000002726c6da0b0_0;
    %addi 1, 0, 32;
    %vpi_call/w 3 72 "$display", "[%0t ns] >> TRANSMITIENDO byte %0d: Hex 0x%h (Bin: %b)", $time, S<0,vec4,s32>, &A<v000002726c674370, v000002726c6da0b0_0 >, &A<v000002726c674370, v000002726c6da0b0_0 > {1 0 0};
    %ix/getv/s 4, v000002726c6da0b0_0;
    %load/vec4a v000002726c674370, 4;
    %store/vec4 v000002726c643380_0, 0, 8;
    %fork TD_uart_rx_tb.enviar_byte, S_000002726c642830;
    %join;
    %wait E_000002726c667870;
    %vpi_call/w 3 79 "$display", "[%0t ns] << RX COMPLETADO.   Dato leido: Hex 0x%h (Bin: %b)", $time, v000002726c6744b0_0, v000002726c6744b0_0 {0 0 0};
    %load/vec4 v000002726c6744b0_0;
    %ix/getv/s 4, v000002726c6da0b0_0;
    %load/vec4a v000002726c674370, 4;
    %cmp/e;
    %jmp/0xz  T_5.2, 6;
    %vpi_call/w 3 83 "$display", "          [EXITO] Los datos coinciden perfectamente.\012" {0 0 0};
    %jmp T_5.3;
T_5.2 ;
    %vpi_call/w 3 85 "$display", "          [ERROR] Ruido o desfase detectado.\012" {0 0 0};
    %load/vec4 v000002726c6745f0_0;
    %addi 1, 0, 32;
    %store/vec4 v000002726c6745f0_0, 0, 32;
T_5.3 ;
    %delay 312498000, 0;
    %load/vec4 v000002726c6da0b0_0;
    %addi 1, 0, 32;
    %store/vec4 v000002726c6da0b0_0, 0, 32;
    %jmp T_5.0;
T_5.1 ;
    %vpi_call/w 3 94 "$display", "============================================================" {0 0 0};
    %load/vec4 v000002726c6745f0_0;
    %cmpi/e 0, 0, 32;
    %jmp/0xz  T_5.4, 4;
    %vpi_call/w 3 96 "$display", "=== RESULTADO FINAL: 5/5 PRUEBAS PASADAS CON EXITO :)  ===" {0 0 0};
    %jmp T_5.5;
T_5.4 ;
    %vpi_call/w 3 98 "$display", "=== RESULTADO FINAL: SE ENCONTRARON %0d ERRORES ===", v000002726c6745f0_0 {0 0 0};
T_5.5 ;
    %vpi_call/w 3 99 "$display", "============================================================\012" {0 0 0};
    %vpi_call/w 3 101 "$finish" {0 0 0};
    %end;
    .thread T_5;
# The file index is used to find the file name in the following table.
:file_names 5;
    "N/A";
    "<interactive>";
    "-";
    "UART_tb.sv";
    "UART.sv";
