#! /c/Source/iverilog-install/bin/vvp
:ivl_version "12.0 (devel)" "(s20150603-1539-g2693dd32b)";
:ivl_delay_selection "TYPICAL";
:vpi_time_precision + 0;
:vpi_module "C:\iverilog\lib\ivl\system.vpi";
:vpi_module "C:\iverilog\lib\ivl\vhdl_sys.vpi";
:vpi_module "C:\iverilog\lib\ivl\vhdl_textio.vpi";
:vpi_module "C:\iverilog\lib\ivl\v2005_math.vpi";
:vpi_module "C:\iverilog\lib\ivl\va_math.vpi";
:vpi_module "C:\iverilog\lib\ivl\v2009.vpi";
S_0000024620b54680 .scope package, "$unit" "$unit" 2 1;
 .timescale 0 0;
S_0000024620b0bd60 .scope module, "shift_register_tb" "shift_register_tb" 3 1;
 .timescale 0 0;
v0000024620b68ec0_0 .var "clk", 0 0;
v0000024620b69280_0 .var "din", 3 0;
v0000024620b69140_0 .var "en", 0 0;
v0000024620b68b00_0 .var "load", 0 0;
v0000024620b693c0_0 .net "q", 3 0, v0000024620b68ce0_0;  1 drivers
v0000024620b68880_0 .var "rst", 0 0;
v0000024620b68ba0_0 .var "sin", 0 0;
v0000024620b68600_0 .net "sout", 0 0, L_0000024620b68c40;  1 drivers
S_0000024620b481a0 .scope module, "dut" "shift_register" 3 6, 4 1 0, S_0000024620b0bd60;
 .timescale 0 0;
    .port_info 0 /INPUT 1 "clk";
    .port_info 1 /INPUT 1 "rst";
    .port_info 2 /INPUT 1 "load";
    .port_info 3 /INPUT 1 "en";
    .port_info 4 /INPUT 1 "sin";
    .port_info 5 /INPUT 4 "din";
    .port_info 6 /OUTPUT 4 "q";
    .port_info 7 /OUTPUT 1 "sout";
v0000024620b69320_0 .net "clk", 0 0, v0000024620b68ec0_0;  1 drivers
v0000024620b68f60_0 .net "din", 3 0, v0000024620b69280_0;  1 drivers
v0000024620b68e20_0 .net "en", 0 0, v0000024620b69140_0;  1 drivers
v0000024620b691e0_0 .net "load", 0 0, v0000024620b68b00_0;  1 drivers
v0000024620b68ce0_0 .var "q", 3 0;
v0000024620b69000_0 .net "rst", 0 0, v0000024620b68880_0;  1 drivers
v0000024620b68a60_0 .net "sin", 0 0, v0000024620b68ba0_0;  1 drivers
v0000024620b686a0_0 .net "sout", 0 0, L_0000024620b68c40;  alias, 1 drivers
E_0000024620b47150 .event posedge, v0000024620b69320_0;
L_0000024620b68c40 .part v0000024620b68ce0_0, 0, 1;
    .scope S_0000024620b481a0;
T_0 ;
    %wait E_0000024620b47150;
    %load/vec4 v0000024620b69000_0;
    %flag_set/vec4 8;
    %jmp/0xz  T_0.0, 8;
    %pushi/vec4 0, 0, 4;
    %assign/vec4 v0000024620b68ce0_0, 0;
    %jmp T_0.1;
T_0.0 ;
    %load/vec4 v0000024620b691e0_0;
    %flag_set/vec4 8;
    %jmp/0xz  T_0.2, 8;
    %load/vec4 v0000024620b68f60_0;
    %assign/vec4 v0000024620b68ce0_0, 0;
    %jmp T_0.3;
T_0.2 ;
    %load/vec4 v0000024620b68e20_0;
    %flag_set/vec4 8;
    %jmp/0xz  T_0.4, 8;
    %load/vec4 v0000024620b68a60_0;
    %load/vec4 v0000024620b68ce0_0;
    %parti/s 3, 1, 2;
    %concat/vec4; draw_concat_vec4
    %assign/vec4 v0000024620b68ce0_0, 0;
T_0.4 ;
T_0.3 ;
T_0.1 ;
    %jmp T_0;
    .thread T_0;
    .scope S_0000024620b0bd60;
T_1 ;
    %pushi/vec4 0, 0, 1;
    %store/vec4 v0000024620b68ec0_0, 0, 1;
    %end;
    .thread T_1;
    .scope S_0000024620b0bd60;
T_2 ;
    %delay 5, 0;
    %load/vec4 v0000024620b68ec0_0;
    %inv;
    %store/vec4 v0000024620b68ec0_0, 0, 1;
    %jmp T_2;
    .thread T_2;
    .scope S_0000024620b0bd60;
T_3 ;
    %vpi_call/w 3 13 "$display", "=== Test: shift_register ===" {0 0 0};
    %vpi_call/w 3 14 "$display", "tiempo | rst | load | en | sin | din  | q    | sout | comentario" {0 0 0};
    %vpi_call/w 3 15 "$display", "-------+-----+------+----+-----+------+------+------+-----------" {0 0 0};
    %pushi/vec4 1, 0, 1;
    %store/vec4 v0000024620b68880_0, 0, 1;
    %pushi/vec4 0, 0, 1;
    %store/vec4 v0000024620b68b00_0, 0, 1;
    %pushi/vec4 0, 0, 1;
    %store/vec4 v0000024620b69140_0, 0, 1;
    %pushi/vec4 0, 0, 1;
    %store/vec4 v0000024620b68ba0_0, 0, 1;
    %pushi/vec4 0, 0, 4;
    %store/vec4 v0000024620b69280_0, 0, 4;
    %wait E_0000024620b47150;
    %delay 1, 0;
    %vpi_call/w 3 20 "$display", "%4t   |  %b  |   %b  |  %b |  %b  | %4b | %4b |  %b   | reset, q=0000", $time, v0000024620b68880_0, v0000024620b68b00_0, v0000024620b69140_0, v0000024620b68ba0_0, v0000024620b69280_0, v0000024620b693c0_0, v0000024620b68600_0 {0 0 0};
    %pushi/vec4 0, 0, 1;
    %store/vec4 v0000024620b68880_0, 0, 1;
    %vpi_call/w 3 24 "$display", "--- carga paralela ---" {0 0 0};
    %pushi/vec4 1, 0, 1;
    %store/vec4 v0000024620b68b00_0, 0, 1;
    %pushi/vec4 11, 0, 4;
    %store/vec4 v0000024620b69280_0, 0, 4;
    %wait E_0000024620b47150;
    %delay 1, 0;
    %vpi_call/w 3 27 "$display", "%4t   |  %b  |   %b  |  %b |  %b  | %4b | %4b |  %b   | load 1011, q debe ser 1011", $time, v0000024620b68880_0, v0000024620b68b00_0, v0000024620b69140_0, v0000024620b68ba0_0, v0000024620b69280_0, v0000024620b693c0_0, v0000024620b68600_0 {0 0 0};
    %pushi/vec4 0, 0, 1;
    %store/vec4 v0000024620b68b00_0, 0, 1;
    %vpi_call/w 3 31 "$display", "--- desplazamiento con sin=0 ---" {0 0 0};
    %pushi/vec4 1, 0, 1;
    %store/vec4 v0000024620b69140_0, 0, 1;
    %pushi/vec4 0, 0, 1;
    %store/vec4 v0000024620b68ba0_0, 0, 1;
    %wait E_0000024620b47150;
    %delay 1, 0;
    %vpi_call/w 3 34 "$display", "%4t   |  %b  |   %b  |  %b |  %b  | %4b | %4b |  %b   | shift: 0101", $time, v0000024620b68880_0, v0000024620b68b00_0, v0000024620b69140_0, v0000024620b68ba0_0, v0000024620b69280_0, v0000024620b693c0_0, v0000024620b68600_0 {0 0 0};
    %wait E_0000024620b47150;
    %delay 1, 0;
    %vpi_call/w 3 37 "$display", "%4t   |  %b  |   %b  |  %b |  %b  | %4b | %4b |  %b   | shift: 0010", $time, v0000024620b68880_0, v0000024620b68b00_0, v0000024620b69140_0, v0000024620b68ba0_0, v0000024620b69280_0, v0000024620b693c0_0, v0000024620b68600_0 {0 0 0};
    %wait E_0000024620b47150;
    %delay 1, 0;
    %vpi_call/w 3 40 "$display", "%4t   |  %b  |   %b  |  %b |  %b  | %4b | %4b |  %b   | shift: 0001", $time, v0000024620b68880_0, v0000024620b68b00_0, v0000024620b69140_0, v0000024620b68ba0_0, v0000024620b69280_0, v0000024620b693c0_0, v0000024620b68600_0 {0 0 0};
    %wait E_0000024620b47150;
    %delay 1, 0;
    %vpi_call/w 3 43 "$display", "%4t   |  %b  |   %b  |  %b |  %b  | %4b | %4b |  %b   | shift: 0000", $time, v0000024620b68880_0, v0000024620b68b00_0, v0000024620b69140_0, v0000024620b68ba0_0, v0000024620b69280_0, v0000024620b693c0_0, v0000024620b68600_0 {0 0 0};
    %vpi_call/w 3 46 "$display", "--- desplazamiento con sin=1 ---" {0 0 0};
    %pushi/vec4 1, 0, 1;
    %store/vec4 v0000024620b68ba0_0, 0, 1;
    %wait E_0000024620b47150;
    %delay 1, 0;
    %vpi_call/w 3 49 "$display", "%4t   |  %b  |   %b  |  %b |  %b  | %4b | %4b |  %b   | shift: 1000", $time, v0000024620b68880_0, v0000024620b68b00_0, v0000024620b69140_0, v0000024620b68ba0_0, v0000024620b69280_0, v0000024620b693c0_0, v0000024620b68600_0 {0 0 0};
    %wait E_0000024620b47150;
    %delay 1, 0;
    %vpi_call/w 3 52 "$display", "%4t   |  %b  |   %b  |  %b |  %b  | %4b | %4b |  %b   | shift: 1100", $time, v0000024620b68880_0, v0000024620b68b00_0, v0000024620b69140_0, v0000024620b68ba0_0, v0000024620b69280_0, v0000024620b693c0_0, v0000024620b68600_0 {0 0 0};
    %wait E_0000024620b47150;
    %delay 1, 0;
    %vpi_call/w 3 55 "$display", "%4t   |  %b  |   %b  |  %b |  %b  | %4b | %4b |  %b   | shift: 1110", $time, v0000024620b68880_0, v0000024620b68b00_0, v0000024620b69140_0, v0000024620b68ba0_0, v0000024620b69280_0, v0000024620b693c0_0, v0000024620b68600_0 {0 0 0};
    %wait E_0000024620b47150;
    %delay 1, 0;
    %vpi_call/w 3 58 "$display", "%4t   |  %b  |   %b  |  %b |  %b  | %4b | %4b |  %b   | shift: 1111", $time, v0000024620b68880_0, v0000024620b68b00_0, v0000024620b69140_0, v0000024620b68ba0_0, v0000024620b69280_0, v0000024620b693c0_0, v0000024620b68600_0 {0 0 0};
    %vpi_call/w 3 61 "$display", "--- en=0: q congelado ---" {0 0 0};
    %pushi/vec4 0, 0, 1;
    %store/vec4 v0000024620b69140_0, 0, 1;
    %pushi/vec4 0, 0, 1;
    %store/vec4 v0000024620b68ba0_0, 0, 1;
    %wait E_0000024620b47150;
    %delay 1, 0;
    %vpi_call/w 3 64 "$display", "%4t   |  %b  |   %b  |  %b |  %b  | %4b | %4b |  %b   | q debe mantenerse 1111", $time, v0000024620b68880_0, v0000024620b68b00_0, v0000024620b69140_0, v0000024620b68ba0_0, v0000024620b69280_0, v0000024620b693c0_0, v0000024620b68600_0 {0 0 0};
    %vpi_call/w 3 67 "$display", "--- load tiene prioridad sobre en ---" {0 0 0};
    %pushi/vec4 1, 0, 1;
    %store/vec4 v0000024620b68b00_0, 0, 1;
    %pushi/vec4 1, 0, 1;
    %store/vec4 v0000024620b69140_0, 0, 1;
    %pushi/vec4 10, 0, 4;
    %store/vec4 v0000024620b69280_0, 0, 4;
    %wait E_0000024620b47150;
    %delay 1, 0;
    %vpi_call/w 3 70 "$display", "%4t   |  %b  |   %b  |  %b |  %b  | %4b | %4b |  %b   | load gana sobre en, q=1010", $time, v0000024620b68880_0, v0000024620b68b00_0, v0000024620b69140_0, v0000024620b68ba0_0, v0000024620b69280_0, v0000024620b693c0_0, v0000024620b68600_0 {0 0 0};
    %vpi_call/w 3 73 "$display", "--- rst tiene prioridad sobre load y en ---" {0 0 0};
    %pushi/vec4 1, 0, 1;
    %store/vec4 v0000024620b68880_0, 0, 1;
    %pushi/vec4 1, 0, 1;
    %store/vec4 v0000024620b68b00_0, 0, 1;
    %pushi/vec4 1, 0, 1;
    %store/vec4 v0000024620b69140_0, 0, 1;
    %pushi/vec4 15, 0, 4;
    %store/vec4 v0000024620b69280_0, 0, 4;
    %wait E_0000024620b47150;
    %delay 1, 0;
    %vpi_call/w 3 76 "$display", "%4t   |  %b  |   %b  |  %b |  %b  | %4b | %4b |  %b   | rst gana, q=0000", $time, v0000024620b68880_0, v0000024620b68b00_0, v0000024620b69140_0, v0000024620b68ba0_0, v0000024620b69280_0, v0000024620b693c0_0, v0000024620b68600_0 {0 0 0};
    %vpi_call/w 3 78 "$finish" {0 0 0};
    %end;
    .thread T_3;
# The file index is used to find the file name in the following table.
:file_names 5;
    "N/A";
    "<interactive>";
    "-";
    "shift_register_tb.sv";
    "shift_register.sv";
