#! /c/Source/iverilog-install/bin/vvp
:ivl_version "12.0 (devel)" "(s20150603-1539-g2693dd32b)";
:ivl_delay_selection "TYPICAL";
:vpi_time_precision + 0;
:vpi_module "C:\iverilog\lib\ivl\system.vpi";
:vpi_module "C:\iverilog\lib\ivl\vhdl_sys.vpi";
:vpi_module "C:\iverilog\lib\ivl\vhdl_textio.vpi";
:vpi_module "C:\iverilog\lib\ivl\v2005_math.vpi";
:vpi_module "C:\iverilog\lib\ivl\va_math.vpi";
:vpi_module "C:\iverilog\lib\ivl\v2009.vpi";
S_0000011e7cffbb00 .scope package, "$unit" "$unit" 2 1;
 .timescale 0 0;
S_0000011e7cf05820 .scope module, "ROM_tb" "ROM_tb" 3 1;
 .timescale 0 0;
v0000011e7cee2a20_0 .var "addr", 2 0;
v0000011e7cee2ac0_0 .net "cmd", 3 0, v0000011e7cee2980_0;  1 drivers
v0000011e7cee2b60 .array "esperado", 7 0, 3 0;
S_0000011e7cf059b0 .scope begin, "$ivl_for_loop0" "$ivl_for_loop0" 3 25, 3 25 0, S_0000011e7cf05820;
 .timescale 0 0;
v0000011e7cee3210_0 .var/2s "i", 31 0;
S_0000011e7cee27f0 .scope module, "dut" "ROM" 3 5, 4 1 0, S_0000011e7cf05820;
 .timescale 0 0;
    .port_info 0 /INPUT 3 "addr";
    .port_info 1 /OUTPUT 4 "cmd";
v0000011e7cf05b40_0 .net "addr", 2 0, v0000011e7cee2a20_0;  1 drivers
v0000011e7cee2980_0 .var "cmd", 3 0;
E_0000011e7cf05320 .event anyedge, v0000011e7cf05b40_0;
    .scope S_0000011e7cee27f0;
T_0 ;
Ewait_0 .event/or E_0000011e7cf05320, E_0x0;
    %wait Ewait_0;
    %load/vec4 v0000011e7cf05b40_0;
    %dup/vec4;
    %pushi/vec4 0, 0, 3;
    %cmp/u;
    %jmp/1 T_0.0, 6;
    %dup/vec4;
    %pushi/vec4 1, 0, 3;
    %cmp/u;
    %jmp/1 T_0.1, 6;
    %dup/vec4;
    %pushi/vec4 2, 0, 3;
    %cmp/u;
    %jmp/1 T_0.2, 6;
    %dup/vec4;
    %pushi/vec4 3, 0, 3;
    %cmp/u;
    %jmp/1 T_0.3, 6;
    %dup/vec4;
    %pushi/vec4 4, 0, 3;
    %cmp/u;
    %jmp/1 T_0.4, 6;
    %dup/vec4;
    %pushi/vec4 5, 0, 3;
    %cmp/u;
    %jmp/1 T_0.5, 6;
    %dup/vec4;
    %pushi/vec4 6, 0, 3;
    %cmp/u;
    %jmp/1 T_0.6, 6;
    %dup/vec4;
    %pushi/vec4 7, 0, 3;
    %cmp/u;
    %jmp/1 T_0.7, 6;
    %pushi/vec4 0, 0, 4;
    %store/vec4 v0000011e7cee2980_0, 0, 4;
    %jmp T_0.9;
T_0.0 ;
    %pushi/vec4 11, 0, 4;
    %store/vec4 v0000011e7cee2980_0, 0, 4;
    %jmp T_0.9;
T_0.1 ;
    %pushi/vec4 6, 0, 4;
    %store/vec4 v0000011e7cee2980_0, 0, 4;
    %jmp T_0.9;
T_0.2 ;
    %pushi/vec4 12, 0, 4;
    %store/vec4 v0000011e7cee2980_0, 0, 4;
    %jmp T_0.9;
T_0.3 ;
    %pushi/vec4 1, 0, 4;
    %store/vec4 v0000011e7cee2980_0, 0, 4;
    %jmp T_0.9;
T_0.4 ;
    %pushi/vec4 14, 0, 4;
    %store/vec4 v0000011e7cee2980_0, 0, 4;
    %jmp T_0.9;
T_0.5 ;
    %pushi/vec4 5, 0, 4;
    %store/vec4 v0000011e7cee2980_0, 0, 4;
    %jmp T_0.9;
T_0.6 ;
    %pushi/vec4 8, 0, 4;
    %store/vec4 v0000011e7cee2980_0, 0, 4;
    %jmp T_0.9;
T_0.7 ;
    %pushi/vec4 3, 0, 4;
    %store/vec4 v0000011e7cee2980_0, 0, 4;
    %jmp T_0.9;
T_0.9 ;
    %pop/vec4 1;
    %jmp T_0;
    .thread T_0, $push;
    .scope S_0000011e7cf05820;
T_1 ;
    %pushi/vec4 11, 0, 4;
    %ix/load 4, 0, 0;
    %flag_set/imm 4, 0;
    %store/vec4a v0000011e7cee2b60, 4, 0;
    %pushi/vec4 6, 0, 4;
    %ix/load 4, 1, 0;
    %flag_set/imm 4, 0;
    %store/vec4a v0000011e7cee2b60, 4, 0;
    %pushi/vec4 12, 0, 4;
    %ix/load 4, 2, 0;
    %flag_set/imm 4, 0;
    %store/vec4a v0000011e7cee2b60, 4, 0;
    %pushi/vec4 1, 0, 4;
    %ix/load 4, 3, 0;
    %flag_set/imm 4, 0;
    %store/vec4a v0000011e7cee2b60, 4, 0;
    %pushi/vec4 14, 0, 4;
    %ix/load 4, 4, 0;
    %flag_set/imm 4, 0;
    %store/vec4a v0000011e7cee2b60, 4, 0;
    %pushi/vec4 5, 0, 4;
    %ix/load 4, 5, 0;
    %flag_set/imm 4, 0;
    %store/vec4a v0000011e7cee2b60, 4, 0;
    %pushi/vec4 8, 0, 4;
    %ix/load 4, 6, 0;
    %flag_set/imm 4, 0;
    %store/vec4a v0000011e7cee2b60, 4, 0;
    %pushi/vec4 3, 0, 4;
    %ix/load 4, 7, 0;
    %flag_set/imm 4, 0;
    %store/vec4a v0000011e7cee2b60, 4, 0;
    %vpi_call/w 3 21 "$display", "=== Test: ROM 8x4 ===" {0 0 0};
    %vpi_call/w 3 22 "$display", "addr | cmd  | esperado | resultado" {0 0 0};
    %vpi_call/w 3 23 "$display", "-----+------+----------+---------" {0 0 0};
    %fork t_1, S_0000011e7cf059b0;
    %jmp t_0;
    .scope S_0000011e7cf059b0;
t_1 ;
    %pushi/vec4 0, 0, 32;
    %store/vec4 v0000011e7cee3210_0, 0, 32;
T_1.0 ;
    %load/vec4 v0000011e7cee3210_0;
    %cmpi/s 8, 0, 32;
    %jmp/0xz T_1.1, 5;
    %load/vec4 v0000011e7cee3210_0;
    %pad/s 3;
    %store/vec4 v0000011e7cee2a20_0, 0, 3;
    %delay 10, 0;
    %load/vec4 v0000011e7cee2ac0_0;
    %ix/getv/s 4, v0000011e7cee3210_0;
    %load/vec4a v0000011e7cee2b60, 4;
    %cmp/e;
    %jmp/0xz  T_1.2, 6;
    %vpi_call/w 3 28 "$display", " %3b | %4b |   %4b   | OK", v0000011e7cee2a20_0, v0000011e7cee2ac0_0, &A<v0000011e7cee2b60, v0000011e7cee3210_0 > {0 0 0};
    %jmp T_1.3;
T_1.2 ;
    %vpi_call/w 3 30 "$display", " %3b | %4b |   %4b   | ERROR", v0000011e7cee2a20_0, v0000011e7cee2ac0_0, &A<v0000011e7cee2b60, v0000011e7cee3210_0 > {0 0 0};
T_1.3 ;
    ; show_stmt_assign_vector: Get l-value for compressed += operand
    %load/vec4 v0000011e7cee3210_0;
    %pushi/vec4 1, 0, 32;
    %add;
    %cast2;
    %store/vec4 v0000011e7cee3210_0, 0, 32;
    %jmp T_1.0;
T_1.1 ;
    %end;
    .scope S_0000011e7cf05820;
t_0 %join;
    %vpi_call/w 3 33 "$finish" {0 0 0};
    %end;
    .thread T_1;
# The file index is used to find the file name in the following table.
:file_names 5;
    "N/A";
    "<interactive>";
    "-";
    "ROM_tb.sv";
    "ROM.sv";
